###############################################################################
#
# IAR ELF Linker V7.80.2.11947/W32 for ARM                01/Aug/2019  18:28:18
# Copyright 2007-2016 IAR Systems AB.
#
#    Output file  =  
#        E:\IEPL_SVN\projects\embedded_projects\poc\GPIO_without_HAL\GPIO_without_HAL\EWARM\GPIO_without_HAL\Exe\GPIO_without_HAL.out
#    Map file     =  
#        E:\IEPL_SVN\projects\embedded_projects\poc\GPIO_without_HAL\GPIO_without_HAL\EWARM\GPIO_without_HAL\List\GPIO_without_HAL.map
#    Command line =  
#        E:\IEPL_SVN\projects\embedded_projects\poc\GPIO_without_HAL\GPIO_without_HAL\EWARM\GPIO_without_HAL\Obj\main.o
#        E:\IEPL_SVN\projects\embedded_projects\poc\GPIO_without_HAL\GPIO_without_HAL\EWARM\GPIO_without_HAL\Obj\startup_stm32f767xx.o
#        E:\IEPL_SVN\projects\embedded_projects\poc\GPIO_without_HAL\GPIO_without_HAL\EWARM\GPIO_without_HAL\Obj\stm32f7xx_hal.o
#        E:\IEPL_SVN\projects\embedded_projects\poc\GPIO_without_HAL\GPIO_without_HAL\EWARM\GPIO_without_HAL\Obj\stm32f7xx_hal_cortex.o
#        E:\IEPL_SVN\projects\embedded_projects\poc\GPIO_without_HAL\GPIO_without_HAL\EWARM\GPIO_without_HAL\Obj\stm32f7xx_hal_dma.o
#        E:\IEPL_SVN\projects\embedded_projects\poc\GPIO_without_HAL\GPIO_without_HAL\EWARM\GPIO_without_HAL\Obj\stm32f7xx_hal_dma_ex.o
#        E:\IEPL_SVN\projects\embedded_projects\poc\GPIO_without_HAL\GPIO_without_HAL\EWARM\GPIO_without_HAL\Obj\stm32f7xx_hal_flash.o
#        E:\IEPL_SVN\projects\embedded_projects\poc\GPIO_without_HAL\GPIO_without_HAL\EWARM\GPIO_without_HAL\Obj\stm32f7xx_hal_flash_ex.o
#        E:\IEPL_SVN\projects\embedded_projects\poc\GPIO_without_HAL\GPIO_without_HAL\EWARM\GPIO_without_HAL\Obj\stm32f7xx_hal_gpio.o
#        E:\IEPL_SVN\projects\embedded_projects\poc\GPIO_without_HAL\GPIO_without_HAL\EWARM\GPIO_without_HAL\Obj\stm32f7xx_hal_i2c.o
#        E:\IEPL_SVN\projects\embedded_projects\poc\GPIO_without_HAL\GPIO_without_HAL\EWARM\GPIO_without_HAL\Obj\stm32f7xx_hal_i2c_ex.o
#        E:\IEPL_SVN\projects\embedded_projects\poc\GPIO_without_HAL\GPIO_without_HAL\EWARM\GPIO_without_HAL\Obj\stm32f7xx_hal_msp.o
#        E:\IEPL_SVN\projects\embedded_projects\poc\GPIO_without_HAL\GPIO_without_HAL\EWARM\GPIO_without_HAL\Obj\stm32f7xx_hal_pwr.o
#        E:\IEPL_SVN\projects\embedded_projects\poc\GPIO_without_HAL\GPIO_without_HAL\EWARM\GPIO_without_HAL\Obj\stm32f7xx_hal_pwr_ex.o
#        E:\IEPL_SVN\projects\embedded_projects\poc\GPIO_without_HAL\GPIO_without_HAL\EWARM\GPIO_without_HAL\Obj\stm32f7xx_hal_rcc.o
#        E:\IEPL_SVN\projects\embedded_projects\poc\GPIO_without_HAL\GPIO_without_HAL\EWARM\GPIO_without_HAL\Obj\stm32f7xx_hal_rcc_ex.o
#        E:\IEPL_SVN\projects\embedded_projects\poc\GPIO_without_HAL\GPIO_without_HAL\EWARM\GPIO_without_HAL\Obj\stm32f7xx_hal_tim.o
#        E:\IEPL_SVN\projects\embedded_projects\poc\GPIO_without_HAL\GPIO_without_HAL\EWARM\GPIO_without_HAL\Obj\stm32f7xx_hal_tim_ex.o
#        E:\IEPL_SVN\projects\embedded_projects\poc\GPIO_without_HAL\GPIO_without_HAL\EWARM\GPIO_without_HAL\Obj\stm32f7xx_it.o
#        E:\IEPL_SVN\projects\embedded_projects\poc\GPIO_without_HAL\GPIO_without_HAL\EWARM\GPIO_without_HAL\Obj\system_stm32f7xx.o
#        --redirect _Printf=_PrintfFull --redirect _Scanf=_ScanfFull -o
#        E:\IEPL_SVN\projects\embedded_projects\poc\GPIO_without_HAL\GPIO_without_HAL\EWARM\GPIO_without_HAL\Exe\GPIO_without_HAL.out
#        --map
#        E:\IEPL_SVN\projects\embedded_projects\poc\GPIO_without_HAL\GPIO_without_HAL\EWARM\GPIO_without_HAL\List\GPIO_without_HAL.map
#        --config
#        E:\IEPL_SVN\projects\embedded_projects\poc\GPIO_without_HAL\GPIO_without_HAL\EWARM/stm32f767xx_flash.icf
#        --semihosting --entry __iar_program_start --vfe
#
###############################################################################

*******************************************************************************
*** RUNTIME MODEL ATTRIBUTES
***

CppFlavor       = *
__SystemLibrary = DLib


*******************************************************************************
*** PLACEMENT SUMMARY
***

"A0":  place at 0x08000000 { ro section .intvec };
"P1":  place in [from 0x08000000 to 0x081fffff] { ro };
"P2":  place in [from 0x20000000 to 0x2007ffff] { rw, block CSTACK, block HEAP };
initialize by copy { rw };

  Section            Kind        Address   Size  Object
  -------            ----        -------   ----  ------
"A0":                                     0x1f8
  .intvec            ro code  0x08000000  0x1f8  startup_stm32f767xx.o [1]
                            - 0x080001f8  0x1f8

"P1":                                     0xe50
  .text              ro code  0x080001f8  0x6c4  stm32f7xx_hal_rcc.o [1]
  .text              ro code  0x080008bc    0xc  stm32f7xx_hal.o [1]
  .text              ro code  0x080008c8   0x4c  stm32f7xx_hal.o [1]
  .text              ro code  0x08000914   0xee  I64DivMod.o [5]
  .text              ro code  0x08000a04  0x118  stm32f7xx_hal_cortex.o [1]
  .text              ro code  0x08000b1c    0x2  I64DivZer.o [5]
  .text              ro code  0x08000b20  0x112  main.o [1]
  .text              ro code  0x08000c34   0x16  stm32f7xx_hal.o [1]
  .text              ro code  0x08000c4c   0x28  stm32f7xx_hal.o [1]
  .text              ro code  0x08000c74    0x6  ABImemclr4.o [5]
  .text              ro code  0x08000c7c   0x40  stm32f7xx_hal_msp.o [1]
  .text              ro code  0x08000cbc   0x32  ABImemset48.o [5]
  .text              ro code  0x08000cf0   0x6c  system_stm32f7xx.o [1]
  .text              ro code  0x08000d5c   0x2c  copy_init3.o [5]
  .text              ro code  0x08000d88   0x28  data_init.o [5]
  .text              ro code  0x08000db0   0x22  fpinit_M.o [4]
  .iar.init_table    const    0x08000dd4   0x14  - Linker created -
  .text              ro code  0x08000de8   0x1a  cmain.o [5]
  .text              ro code  0x08000e02    0x4  low_level_init.o [3]
  .text              ro code  0x08000e06    0x4  exit.o [3]
  .text              ro code  0x08000e0c    0xa  cexit.o [5]
  .text              ro code  0x08000e18   0x14  exit.o [6]
  .text              ro code  0x08000e2c   0x18  stm32f7xx_hal.o [1]
  .text              ro code  0x08000e44   0x18  stm32f7xx_it.o [1]
  .rodata            const    0x08000e5c   0x10  system_stm32f7xx.o [1]
  .text              ro code  0x08000e6c   0x10  startup_stm32f767xx.o [1]
  Initializer bytes  const    0x08000e7c   0x10  <for P2-1>
  .text              ro code  0x08000e8c    0xc  cstartup_M.o [5]
  .text              ro code  0x08000e98    0x4  startup_stm32f767xx.o [1]
  .text              ro code  0x08000e9c    0x4  startup_stm32f767xx.o [1]
  .text              ro code  0x08000ea0    0x4  startup_stm32f767xx.o [1]
  .text              ro code  0x08000ea4    0x4  startup_stm32f767xx.o [1]
  .text              ro code  0x08000ea8    0x4  startup_stm32f767xx.o [1]
  .text              ro code  0x08000eac    0x4  startup_stm32f767xx.o [1]
  .text              ro code  0x08000eb0    0x4  startup_stm32f767xx.o [1]
  .text              ro code  0x08000eb4    0x4  startup_stm32f767xx.o [1]
  .text              ro code  0x08000eb8    0x4  startup_stm32f767xx.o [1]
  .text              ro code  0x08000ebc    0x4  startup_stm32f767xx.o [1]
  .text              ro code  0x08000ec0    0x4  startup_stm32f767xx.o [1]
  .text              ro code  0x08000ec4    0x4  startup_stm32f767xx.o [1]
  .text              ro code  0x08000ec8    0x4  startup_stm32f767xx.o [1]
  .text              ro code  0x08000ecc    0x4  startup_stm32f767xx.o [1]
  .text              ro code  0x08000ed0    0x4  startup_stm32f767xx.o [1]
  .text              ro code  0x08000ed4    0x4  startup_stm32f767xx.o [1]
  .text              ro code  0x08000ed8    0x4  startup_stm32f767xx.o [1]
  .text              ro code  0x08000edc    0x4  startup_stm32f767xx.o [1]
  .text              ro code  0x08000ee0    0x4  startup_stm32f767xx.o [1]
  .text              ro code  0x08000ee4    0x4  startup_stm32f767xx.o [1]
  .text              ro code  0x08000ee8    0x4  startup_stm32f767xx.o [1]
  .text              ro code  0x08000eec    0x4  startup_stm32f767xx.o [1]
  .text              ro code  0x08000ef0    0x4  startup_stm32f767xx.o [1]
  .text              ro code  0x08000ef4    0x4  startup_stm32f767xx.o [1]
  .text              ro code  0x08000ef8    0x4  startup_stm32f767xx.o [1]
  .text              ro code  0x08000efc    0x4  startup_stm32f767xx.o [1]
  .text              ro code  0x08000f00    0x4  startup_stm32f767xx.o [1]
  .text              ro code  0x08000f04    0x4  startup_stm32f767xx.o [1]
  .text              ro code  0x08000f08    0x4  startup_stm32f767xx.o [1]
  .text              ro code  0x08000f0c    0x4  startup_stm32f767xx.o [1]
  .text              ro code  0x08000f10    0x4  startup_stm32f767xx.o [1]
  .text              ro code  0x08000f14    0x4  startup_stm32f767xx.o [1]
  .text              ro code  0x08000f18    0x4  startup_stm32f767xx.o [1]
  .text              ro code  0x08000f1c    0x4  startup_stm32f767xx.o [1]
  .text              ro code  0x08000f20    0x4  startup_stm32f767xx.o [1]
  .text              ro code  0x08000f24    0x4  startup_stm32f767xx.o [1]
  .text              ro code  0x08000f28    0x4  startup_stm32f767xx.o [1]
  .text              ro code  0x08000f2c    0x4  startup_stm32f767xx.o [1]
  .text              ro code  0x08000f30    0x4  startup_stm32f767xx.o [1]
  .text              ro code  0x08000f34    0x4  startup_stm32f767xx.o [1]
  .text              ro code  0x08000f38    0x4  startup_stm32f767xx.o [1]
  .text              ro code  0x08000f3c    0x4  startup_stm32f767xx.o [1]
  .text              ro code  0x08000f40    0x4  startup_stm32f767xx.o [1]
  .text              ro code  0x08000f44    0x4  startup_stm32f767xx.o [1]
  .text              ro code  0x08000f48    0x4  startup_stm32f767xx.o [1]
  .text              ro code  0x08000f4c    0x4  startup_stm32f767xx.o [1]
  .text              ro code  0x08000f50    0x4  startup_stm32f767xx.o [1]
  .text              ro code  0x08000f54    0x4  startup_stm32f767xx.o [1]
  .text              ro code  0x08000f58    0x4  startup_stm32f767xx.o [1]
  .text              ro code  0x08000f5c    0x4  startup_stm32f767xx.o [1]
  .text              ro code  0x08000f60    0x4  startup_stm32f767xx.o [1]
  .text              ro code  0x08000f64    0x4  startup_stm32f767xx.o [1]
  .text              ro code  0x08000f68    0x4  startup_stm32f767xx.o [1]
  .text              ro code  0x08000f6c    0x4  startup_stm32f767xx.o [1]
  .text              ro code  0x08000f70    0x4  startup_stm32f767xx.o [1]
  .text              ro code  0x08000f74    0x4  startup_stm32f767xx.o [1]
  .text              ro code  0x08000f78    0x4  startup_stm32f767xx.o [1]
  .text              ro code  0x08000f7c    0x4  startup_stm32f767xx.o [1]
  .text              ro code  0x08000f80    0x4  startup_stm32f767xx.o [1]
  .text              ro code  0x08000f84    0x4  startup_stm32f767xx.o [1]
  .text              ro code  0x08000f88    0x4  startup_stm32f767xx.o [1]
  .text              ro code  0x08000f8c    0x4  startup_stm32f767xx.o [1]
  .text              ro code  0x08000f90    0x4  startup_stm32f767xx.o [1]
  .text              ro code  0x08000f94    0x4  startup_stm32f767xx.o [1]
  .text              ro code  0x08000f98    0x4  startup_stm32f767xx.o [1]
  .text              ro code  0x08000f9c    0x4  startup_stm32f767xx.o [1]
  .text              ro code  0x08000fa0    0x4  startup_stm32f767xx.o [1]
  .text              ro code  0x08000fa4    0x4  startup_stm32f767xx.o [1]
  .text              ro code  0x08000fa8    0x4  startup_stm32f767xx.o [1]
  .text              ro code  0x08000fac    0x4  startup_stm32f767xx.o [1]
  .text              ro code  0x08000fb0    0x4  startup_stm32f767xx.o [1]
  .text              ro code  0x08000fb4    0x4  startup_stm32f767xx.o [1]
  .text              ro code  0x08000fb8    0x4  startup_stm32f767xx.o [1]
  .text              ro code  0x08000fbc    0x4  startup_stm32f767xx.o [1]
  .text              ro code  0x08000fc0    0x4  startup_stm32f767xx.o [1]
  .text              ro code  0x08000fc4    0x4  startup_stm32f767xx.o [1]
  .text              ro code  0x08000fc8    0x4  startup_stm32f767xx.o [1]
  .text              ro code  0x08000fcc    0x4  startup_stm32f767xx.o [1]
  .text              ro code  0x08000fd0    0x4  startup_stm32f767xx.o [1]
  .text              ro code  0x08000fd4    0x4  startup_stm32f767xx.o [1]
  .text              ro code  0x08000fd8    0x4  startup_stm32f767xx.o [1]
  .text              ro code  0x08000fdc    0x4  startup_stm32f767xx.o [1]
  .text              ro code  0x08000fe0    0x4  startup_stm32f767xx.o [1]
  .text              ro code  0x08000fe4    0x4  startup_stm32f767xx.o [1]
  .text              ro code  0x08000fe8    0x4  startup_stm32f767xx.o [1]
  .text              ro code  0x08000fec    0x4  startup_stm32f767xx.o [1]
  .text              ro code  0x08000ff0    0x4  startup_stm32f767xx.o [1]
  .text              ro code  0x08000ff4    0x4  startup_stm32f767xx.o [1]
  .text              ro code  0x08000ff8    0x4  startup_stm32f767xx.o [1]
  .text              ro code  0x08000ffc    0x4  startup_stm32f767xx.o [1]
  .text              ro code  0x08001000    0x4  startup_stm32f767xx.o [1]
  .text              ro code  0x08001004    0x4  startup_stm32f767xx.o [1]
  .text              ro code  0x08001008    0x4  startup_stm32f767xx.o [1]
  .text              ro code  0x0800100c    0x4  startup_stm32f767xx.o [1]
  .text              ro code  0x08001010    0x4  startup_stm32f767xx.o [1]
  .text              ro code  0x08001014    0x4  startup_stm32f767xx.o [1]
  .text              ro code  0x08001018    0x4  startup_stm32f767xx.o [1]
  .text              ro code  0x0800101c    0x4  startup_stm32f767xx.o [1]
  .text              ro code  0x08001020    0x4  startup_stm32f767xx.o [1]
  .text              ro code  0x08001024    0x4  startup_stm32f767xx.o [1]
  .text              ro code  0x08001028    0x4  startup_stm32f767xx.o [1]
  .text              ro code  0x0800102c    0x4  startup_stm32f767xx.o [1]
  .text              ro code  0x08001030    0x4  startup_stm32f767xx.o [1]
  .text              ro code  0x08001034    0x4  startup_stm32f767xx.o [1]
  .text              ro code  0x08001038    0x4  startup_stm32f767xx.o [1]
  .text              ro code  0x0800103c    0x4  startup_stm32f767xx.o [1]
  .text              ro code  0x08001040    0x4  startup_stm32f767xx.o [1]
  .text              ro code  0x08001044    0x4  startup_stm32f767xx.o [1]
  .rodata            const    0x08001048    0x0  copy_init3.o [5]
                            - 0x08001048  0xe50

"P2", part 1 of 2:                         0x10
  P2-1                        0x20000000    0xd  <Init block>
    .data            inited   0x20000000    0x4  stm32f7xx_hal.o [1]
    .data            inited   0x20000004    0x4  system_stm32f7xx.o [1]
    .bss             inited   0x20000008    0x4  stm32f7xx_hal.o [1]
    .data            inited   0x2000000c    0x1  stm32f7xx_hal.o [1]
                            - 0x2000000d    0xd

"P2", part 2 of 2:                        0x400
  CSTACK                      0x20000010  0x400  <Block>
    CSTACK           uninit   0x20000010  0x400  <Block tail>
                            - 0x20000410  0x400


*******************************************************************************
*** INIT TABLE
***

          Address     Size
          -------     ----
Copy (__iar_copy_init3)
    1 source range, total size 0x10 (123% of destination):
          0x08000e7c  0x10
    1 destination range, total size 0xd:
          0x20000000   0xd



*******************************************************************************
*** MODULE SUMMARY
***

    Module                  ro code  ro data  rw data
    ------                  -------  -------  -------
E:\IEPL_SVN\projects\embedded_projects\poc\GPIO_without_HAL\GPIO_without_HAL\EWARM\GPIO_without_HAL\Obj: [1]
    main.o                      274
    startup_stm32f767xx.o       952
    stm32f7xx_hal.o             174        9        9
    stm32f7xx_hal_cortex.o      280
    stm32f7xx_hal_msp.o          64
    stm32f7xx_hal_rcc.o       1 732
    stm32f7xx_it.o               24
    system_stm32f7xx.o          108       20        4
    -------------------------------------------------
    Total:                    3 608       29       13

command line: [2]
    -------------------------------------------------
    Total:

dl7M_tlf.a: [3]
    exit.o                        4
    low_level_init.o              4
    -------------------------------------------------
    Total:                        8

m7M_tlv.a: [4]
    fpinit_M.o                   34
    -------------------------------------------------
    Total:                       34

rt7M_tl.a: [5]
    ABImemclr4.o                  6
    ABImemset48.o                50
    I64DivMod.o                 238
    I64DivZer.o                   2
    cexit.o                      10
    cmain.o                      26
    copy_init3.o                 44
    cstartup_M.o                 12
    data_init.o                  40
    -------------------------------------------------
    Total:                      428

shb_l.a: [6]
    exit.o                       20
    -------------------------------------------------
    Total:                       20

    Gaps                         16        2
    Linker created                        23    1 024
-----------------------------------------------------
    Grand Total:              4 114       54    1 037


*******************************************************************************
*** ENTRY LIST
***

Entry                      Address   Size  Type      Object
-----                      -------   ----  ----      ------
.iar.init_table$$Base   0x08000dd4          --   Gb  - Linker created -
.iar.init_table$$Limit  0x08000de8          --   Gb  - Linker created -
?main                   0x08000de9         Code  Gb  cmain.o [5]
AHBPrescTable           0x08000e5c   0x10  Data  Gb  system_stm32f7xx.o [1]
BusFault_Handler        0x08000e4b    0x2  Code  Gb  stm32f7xx_it.o [1]
CSTACK$$Base            0x20000010          --   Gb  - Linker created -
CSTACK$$Limit           0x20000410          --   Gb  - Linker created -
DebugMon_Handler        0x08000e51    0x2  Code  Gb  stm32f7xx_it.o [1]
Error_Handler           0x08000c31    0x2  Code  Gb  main.o [1]
HAL_Delay               0x08000c4d   0x28  Code  Wk  stm32f7xx_hal.o [1]
HAL_GetTick             0x080008bd    0xc  Code  Wk  stm32f7xx_hal.o [1]
HAL_IncTick             0x08000e2d   0x18  Code  Wk  stm32f7xx_hal.o [1]
HAL_Init                0x08000c35   0x16  Code  Gb  stm32f7xx_hal.o [1]
HAL_InitTick            0x080008c9   0x4c  Code  Wk  stm32f7xx_hal.o [1]
HAL_MspInit             0x08000c7d   0x40  Code  Gb  stm32f7xx_hal_msp.o [1]
HAL_NVIC_SetPriority    0x08000acd   0x26  Code  Gb  stm32f7xx_hal_cortex.o [1]
HAL_NVIC_SetPriorityGrouping
                        0x08000ac1    0xc  Code  Gb  stm32f7xx_hal_cortex.o [1]
HAL_RCC_ClockConfig     0x0800067b  0x182  Code  Gb  stm32f7xx_hal_rcc.o [1]
HAL_RCC_GetSysClockFreq
                        0x080007fd   0x8e  Code  Gb  stm32f7xx_hal_rcc.o [1]
HAL_RCC_OscConfig       0x080001f9  0x482  Code  Gb  stm32f7xx_hal_rcc.o [1]
HAL_SYSTICK_Config      0x08000af3    0xc  Code  Gb  stm32f7xx_hal_cortex.o [1]
HardFault_Handler       0x08000e47    0x2  Code  Gb  stm32f7xx_it.o [1]
MemManage_Handler       0x08000e49    0x2  Code  Gb  stm32f7xx_it.o [1]
NMI_Handler             0x08000e45    0x2  Code  Gb  stm32f7xx_it.o [1]
NVIC_EncodePriority     0x08000a53   0x3e  Code  Lc  stm32f7xx_hal_cortex.o [1]
NVIC_GetPriorityGrouping
                        0x08000a23    0xa  Code  Lc  stm32f7xx_hal_cortex.o [1]
NVIC_SetPriority        0x08000a2d   0x26  Code  Lc  stm32f7xx_hal_cortex.o [1]
NVIC_SetPriorityGrouping
                        0x08000a05   0x1e  Code  Lc  stm32f7xx_hal_cortex.o [1]
PendSV_Handler          0x08000e53    0x2  Code  Gb  stm32f7xx_it.o [1]
Region$$Table$$Base     0x08000dd4          --   Gb  - Linker created -
Region$$Table$$Limit    0x08000de8          --   Gb  - Linker created -
SVC_Handler             0x08000e4f    0x2  Code  Gb  stm32f7xx_it.o [1]
SysTick_Config          0x08000a91   0x30  Code  Lc  stm32f7xx_hal_cortex.o [1]
SysTick_Handler         0x08000e55    0x8  Code  Gb  stm32f7xx_it.o [1]
SystemClock_Config      0x08000b91   0x8e  Code  Gb  main.o [1]
SystemCoreClock         0x20000004    0x4  Data  Gb  system_stm32f7xx.o [1]
SystemInit              0x08000cf1   0x4c  Code  Gb  system_stm32f7xx.o [1]
UsageFault_Handler      0x08000e4d    0x2  Code  Gb  stm32f7xx_it.o [1]
__aeabi_ldiv0           0x08000b1d         Code  Gb  I64DivZer.o [5]
__aeabi_memclr4         0x08000c75         Code  Gb  ABImemclr4.o [5]
__aeabi_uldivmod        0x08000915         Code  Gb  I64DivMod.o [5]
__cmain                 0x08000de9         Code  Gb  cmain.o [5]
__exit                  0x08000e19   0x14  Code  Gb  exit.o [6]
__iar_Memset4_word      0x08000cbd         Code  Gb  ABImemset48.o [5]
__iar_Memset8_word      0x08000cbd         Code  Gb  ABImemset48.o [5]
__iar_copy_init3        0x08000d5d   0x2c  Code  Gb  copy_init3.o [5]
__iar_data_init3        0x08000d89   0x28  Code  Gb  data_init.o [5]
__iar_init_vfp          0x08000db1         Code  Gb  fpinit_M.o [4]
__iar_program_start     0x08000e8d         Code  Gb  cstartup_M.o [5]
__low_level_init        0x08000e03    0x4  Code  Gb  low_level_init.o [3]
__vector_table          0x08000000         Data  Gb  startup_stm32f767xx.o [1]
_call_main              0x08000df5         Code  Gb  cmain.o [5]
_exit                   0x08000e0d         Code  Gb  cexit.o [5]
_main                   0x08000dff         Code  Gb  cmain.o [5]
exit                    0x08000e07    0x4  Code  Gb  exit.o [3]
main                    0x08000b21   0x70  Code  Gb  main.o [1]
uwTick                  0x20000008    0x4  Data  Gb  stm32f7xx_hal.o [1]
uwTickFreq              0x2000000c    0x1  Data  Gb  stm32f7xx_hal.o [1]
uwTickPrio              0x20000000    0x4  Data  Gb  stm32f7xx_hal.o [1]


[1] = E:\IEPL_SVN\projects\embedded_projects\poc\GPIO_without_HAL\GPIO_without_HAL\EWARM\GPIO_without_HAL\Obj
[2] = command line
[3] = dl7M_tlf.a
[4] = m7M_tlv.a
[5] = rt7M_tl.a
[6] = shb_l.a

  4 114 bytes of readonly  code memory
     54 bytes of readonly  data memory
  1 037 bytes of readwrite data memory

Errors: none
Warnings: none
