###############################################################################
#
# IAR ELF Linker V7.80.2.11947/W32 for ARM                22/Aug/2019  13:01:16
# Copyright 2007-2016 IAR Systems AB.
#
#    Output file  =  
#        F:\Embedded_ST\UART_rx_tx_without_HAL\UART_rx_tx_without_HAL\EWARM\UART_rx_tx_without_HAL\Exe\UART_rx_tx_without_HAL.out
#    Map file     =  
#        F:\Embedded_ST\UART_rx_tx_without_HAL\UART_rx_tx_without_HAL\EWARM\UART_rx_tx_without_HAL\List\UART_rx_tx_without_HAL.map
#    Command line =  
#        F:\Embedded_ST\UART_rx_tx_without_HAL\UART_rx_tx_without_HAL\EWARM\UART_rx_tx_without_HAL\Obj\main.o
#        F:\Embedded_ST\UART_rx_tx_without_HAL\UART_rx_tx_without_HAL\EWARM\UART_rx_tx_without_HAL\Obj\startup_stm32f767xx.o
#        F:\Embedded_ST\UART_rx_tx_without_HAL\UART_rx_tx_without_HAL\EWARM\UART_rx_tx_without_HAL\Obj\stm32f7xx_hal.o
#        F:\Embedded_ST\UART_rx_tx_without_HAL\UART_rx_tx_without_HAL\EWARM\UART_rx_tx_without_HAL\Obj\stm32f7xx_hal_cortex.o
#        F:\Embedded_ST\UART_rx_tx_without_HAL\UART_rx_tx_without_HAL\EWARM\UART_rx_tx_without_HAL\Obj\stm32f7xx_hal_dma.o
#        F:\Embedded_ST\UART_rx_tx_without_HAL\UART_rx_tx_without_HAL\EWARM\UART_rx_tx_without_HAL\Obj\stm32f7xx_hal_dma_ex.o
#        F:\Embedded_ST\UART_rx_tx_without_HAL\UART_rx_tx_without_HAL\EWARM\UART_rx_tx_without_HAL\Obj\stm32f7xx_hal_flash.o
#        F:\Embedded_ST\UART_rx_tx_without_HAL\UART_rx_tx_without_HAL\EWARM\UART_rx_tx_without_HAL\Obj\stm32f7xx_hal_flash_ex.o
#        F:\Embedded_ST\UART_rx_tx_without_HAL\UART_rx_tx_without_HAL\EWARM\UART_rx_tx_without_HAL\Obj\stm32f7xx_hal_gpio.o
#        F:\Embedded_ST\UART_rx_tx_without_HAL\UART_rx_tx_without_HAL\EWARM\UART_rx_tx_without_HAL\Obj\stm32f7xx_hal_i2c.o
#        F:\Embedded_ST\UART_rx_tx_without_HAL\UART_rx_tx_without_HAL\EWARM\UART_rx_tx_without_HAL\Obj\stm32f7xx_hal_i2c_ex.o
#        F:\Embedded_ST\UART_rx_tx_without_HAL\UART_rx_tx_without_HAL\EWARM\UART_rx_tx_without_HAL\Obj\stm32f7xx_hal_msp.o
#        F:\Embedded_ST\UART_rx_tx_without_HAL\UART_rx_tx_without_HAL\EWARM\UART_rx_tx_without_HAL\Obj\stm32f7xx_hal_pwr.o
#        F:\Embedded_ST\UART_rx_tx_without_HAL\UART_rx_tx_without_HAL\EWARM\UART_rx_tx_without_HAL\Obj\stm32f7xx_hal_pwr_ex.o
#        F:\Embedded_ST\UART_rx_tx_without_HAL\UART_rx_tx_without_HAL\EWARM\UART_rx_tx_without_HAL\Obj\stm32f7xx_hal_rcc.o
#        F:\Embedded_ST\UART_rx_tx_without_HAL\UART_rx_tx_without_HAL\EWARM\UART_rx_tx_without_HAL\Obj\stm32f7xx_hal_rcc_ex.o
#        F:\Embedded_ST\UART_rx_tx_without_HAL\UART_rx_tx_without_HAL\EWARM\UART_rx_tx_without_HAL\Obj\stm32f7xx_hal_tim.o
#        F:\Embedded_ST\UART_rx_tx_without_HAL\UART_rx_tx_without_HAL\EWARM\UART_rx_tx_without_HAL\Obj\stm32f7xx_hal_tim_ex.o
#        F:\Embedded_ST\UART_rx_tx_without_HAL\UART_rx_tx_without_HAL\EWARM\UART_rx_tx_without_HAL\Obj\stm32f7xx_it.o
#        F:\Embedded_ST\UART_rx_tx_without_HAL\UART_rx_tx_without_HAL\EWARM\UART_rx_tx_without_HAL\Obj\system_stm32f7xx.o
#        --redirect _Printf=_PrintfFull --redirect _Scanf=_ScanfFull -o
#        F:\Embedded_ST\UART_rx_tx_without_HAL\UART_rx_tx_without_HAL\EWARM\UART_rx_tx_without_HAL\Exe\UART_rx_tx_without_HAL.out
#        --map
#        F:\Embedded_ST\UART_rx_tx_without_HAL\UART_rx_tx_without_HAL\EWARM\UART_rx_tx_without_HAL\List\UART_rx_tx_without_HAL.map
#        --config
#        F:\Embedded_ST\UART_rx_tx_without_HAL\UART_rx_tx_without_HAL\EWARM/stm32f767xx_flash.icf
#        --semihosting --entry __iar_program_start --vfe
#
###############################################################################

*******************************************************************************
*** RUNTIME MODEL ATTRIBUTES
***

CppFlavor       = *
__SystemLibrary = DLib


*******************************************************************************
*** PLACEMENT SUMMARY
***

"A0":  place at 0x08000000 { ro section .intvec };
"P1":  place in [from 0x08000000 to 0x081fffff] { ro };
"P2":  place in [from 0x20000000 to 0x2007ffff] { rw, block CSTACK, block HEAP };
initialize by copy { rw };

  Section            Kind        Address   Size  Object
  -------            ----        -------   ----  ------
"A0":                                     0x1f8
  .intvec            ro code  0x08000000  0x1f8  startup_stm32f767xx.o [1]
                            - 0x080001f8  0x1f8

"P1":                                     0xb34
  .text              ro code  0x080001f8  0x440  stm32f7xx_hal_rcc.o [1]
  .text              ro code  0x08000638    0xc  stm32f7xx_hal.o [1]
  .text              ro code  0x08000644   0x40  stm32f7xx_hal.o [1]
  .text              ro code  0x08000684   0xee  I64DivMod.o [5]
  .text              ro code  0x08000774   0xac  stm32f7xx_hal_cortex.o [1]
  .text              ro code  0x08000820    0x2  I64DivZer.o [5]
  .text              ro code  0x08000824  0x12c  main.o [1]
  .text              ro code  0x08000950   0x16  stm32f7xx_hal.o [1]
  .text              ro code  0x08000968   0x28  stm32f7xx_hal.o [1]
  .text              ro code  0x08000990    0x6  ABImemclr4.o [5]
  .text              ro code  0x08000998   0x30  stm32f7xx_hal_msp.o [1]
  .text              ro code  0x080009c8   0x32  ABImemset48.o [5]
  .text              ro code  0x080009fc   0x60  system_stm32f7xx.o [1]
  .text              ro code  0x08000a5c   0x2c  copy_init3.o [5]
  .text              ro code  0x08000a88   0x28  data_init.o [5]
  .text              ro code  0x08000ab0   0x22  fpinit_M.o [4]
  .iar.init_table    const    0x08000ad4   0x14  - Linker created -
  .text              ro code  0x08000ae8   0x1a  cmain.o [5]
  .text              ro code  0x08000b02    0x4  low_level_init.o [3]
  .text              ro code  0x08000b06    0x4  exit.o [3]
  .text              ro code  0x08000b0c    0xa  cexit.o [5]
  .text              ro code  0x08000b18   0x14  exit.o [6]
  .text              ro code  0x08000b2c   0x14  stm32f7xx_it.o [1]
  .text              ro code  0x08000b40   0x10  stm32f7xx_hal.o [1]
  .text              ro code  0x08000b50   0x10  startup_stm32f767xx.o [1]
  Initializer bytes  const    0x08000b60   0x10  <for P2-1>
  .text              ro code  0x08000b70    0xc  cstartup_M.o [5]
  .text              ro code  0x08000b7c    0x4  startup_stm32f767xx.o [1]
  .text              ro code  0x08000b80    0x4  startup_stm32f767xx.o [1]
  .text              ro code  0x08000b84    0x4  startup_stm32f767xx.o [1]
  .text              ro code  0x08000b88    0x4  startup_stm32f767xx.o [1]
  .text              ro code  0x08000b8c    0x4  startup_stm32f767xx.o [1]
  .text              ro code  0x08000b90    0x4  startup_stm32f767xx.o [1]
  .text              ro code  0x08000b94    0x4  startup_stm32f767xx.o [1]
  .text              ro code  0x08000b98    0x4  startup_stm32f767xx.o [1]
  .text              ro code  0x08000b9c    0x4  startup_stm32f767xx.o [1]
  .text              ro code  0x08000ba0    0x4  startup_stm32f767xx.o [1]
  .text              ro code  0x08000ba4    0x4  startup_stm32f767xx.o [1]
  .text              ro code  0x08000ba8    0x4  startup_stm32f767xx.o [1]
  .text              ro code  0x08000bac    0x4  startup_stm32f767xx.o [1]
  .text              ro code  0x08000bb0    0x4  startup_stm32f767xx.o [1]
  .text              ro code  0x08000bb4    0x4  startup_stm32f767xx.o [1]
  .text              ro code  0x08000bb8    0x4  startup_stm32f767xx.o [1]
  .text              ro code  0x08000bbc    0x4  startup_stm32f767xx.o [1]
  .text              ro code  0x08000bc0    0x4  startup_stm32f767xx.o [1]
  .text              ro code  0x08000bc4    0x4  startup_stm32f767xx.o [1]
  .text              ro code  0x08000bc8    0x4  startup_stm32f767xx.o [1]
  .text              ro code  0x08000bcc    0x4  startup_stm32f767xx.o [1]
  .text              ro code  0x08000bd0    0x4  startup_stm32f767xx.o [1]
  .text              ro code  0x08000bd4    0x4  startup_stm32f767xx.o [1]
  .text              ro code  0x08000bd8    0x4  startup_stm32f767xx.o [1]
  .text              ro code  0x08000bdc    0x4  startup_stm32f767xx.o [1]
  .text              ro code  0x08000be0    0x4  startup_stm32f767xx.o [1]
  .text              ro code  0x08000be4    0x4  startup_stm32f767xx.o [1]
  .text              ro code  0x08000be8    0x4  startup_stm32f767xx.o [1]
  .text              ro code  0x08000bec    0x4  startup_stm32f767xx.o [1]
  .text              ro code  0x08000bf0    0x4  startup_stm32f767xx.o [1]
  .text              ro code  0x08000bf4    0x4  startup_stm32f767xx.o [1]
  .text              ro code  0x08000bf8    0x4  startup_stm32f767xx.o [1]
  .text              ro code  0x08000bfc    0x4  startup_stm32f767xx.o [1]
  .text              ro code  0x08000c00    0x4  startup_stm32f767xx.o [1]
  .text              ro code  0x08000c04    0x4  startup_stm32f767xx.o [1]
  .text              ro code  0x08000c08    0x4  startup_stm32f767xx.o [1]
  .text              ro code  0x08000c0c    0x4  startup_stm32f767xx.o [1]
  .text              ro code  0x08000c10    0x4  startup_stm32f767xx.o [1]
  .text              ro code  0x08000c14    0x4  startup_stm32f767xx.o [1]
  .text              ro code  0x08000c18    0x4  startup_stm32f767xx.o [1]
  .text              ro code  0x08000c1c    0x4  startup_stm32f767xx.o [1]
  .text              ro code  0x08000c20    0x4  startup_stm32f767xx.o [1]
  .text              ro code  0x08000c24    0x4  startup_stm32f767xx.o [1]
  .text              ro code  0x08000c28    0x4  startup_stm32f767xx.o [1]
  .text              ro code  0x08000c2c    0x4  startup_stm32f767xx.o [1]
  .text              ro code  0x08000c30    0x4  startup_stm32f767xx.o [1]
  .text              ro code  0x08000c34    0x4  startup_stm32f767xx.o [1]
  .text              ro code  0x08000c38    0x4  startup_stm32f767xx.o [1]
  .text              ro code  0x08000c3c    0x4  startup_stm32f767xx.o [1]
  .text              ro code  0x08000c40    0x4  startup_stm32f767xx.o [1]
  .text              ro code  0x08000c44    0x4  startup_stm32f767xx.o [1]
  .text              ro code  0x08000c48    0x4  startup_stm32f767xx.o [1]
  .text              ro code  0x08000c4c    0x4  startup_stm32f767xx.o [1]
  .text              ro code  0x08000c50    0x4  startup_stm32f767xx.o [1]
  .text              ro code  0x08000c54    0x4  startup_stm32f767xx.o [1]
  .text              ro code  0x08000c58    0x4  startup_stm32f767xx.o [1]
  .text              ro code  0x08000c5c    0x4  startup_stm32f767xx.o [1]
  .text              ro code  0x08000c60    0x4  startup_stm32f767xx.o [1]
  .text              ro code  0x08000c64    0x4  startup_stm32f767xx.o [1]
  .text              ro code  0x08000c68    0x4  startup_stm32f767xx.o [1]
  .text              ro code  0x08000c6c    0x4  startup_stm32f767xx.o [1]
  .text              ro code  0x08000c70    0x4  startup_stm32f767xx.o [1]
  .text              ro code  0x08000c74    0x4  startup_stm32f767xx.o [1]
  .text              ro code  0x08000c78    0x4  startup_stm32f767xx.o [1]
  .text              ro code  0x08000c7c    0x4  startup_stm32f767xx.o [1]
  .text              ro code  0x08000c80    0x4  startup_stm32f767xx.o [1]
  .text              ro code  0x08000c84    0x4  startup_stm32f767xx.o [1]
  .text              ro code  0x08000c88    0x4  startup_stm32f767xx.o [1]
  .text              ro code  0x08000c8c    0x4  startup_stm32f767xx.o [1]
  .text              ro code  0x08000c90    0x4  startup_stm32f767xx.o [1]
  .text              ro code  0x08000c94    0x4  startup_stm32f767xx.o [1]
  .text              ro code  0x08000c98    0x4  startup_stm32f767xx.o [1]
  .text              ro code  0x08000c9c    0x4  startup_stm32f767xx.o [1]
  .text              ro code  0x08000ca0    0x4  startup_stm32f767xx.o [1]
  .text              ro code  0x08000ca4    0x4  startup_stm32f767xx.o [1]
  .text              ro code  0x08000ca8    0x4  startup_stm32f767xx.o [1]
  .text              ro code  0x08000cac    0x4  startup_stm32f767xx.o [1]
  .text              ro code  0x08000cb0    0x4  startup_stm32f767xx.o [1]
  .text              ro code  0x08000cb4    0x4  startup_stm32f767xx.o [1]
  .text              ro code  0x08000cb8    0x4  startup_stm32f767xx.o [1]
  .text              ro code  0x08000cbc    0x4  startup_stm32f767xx.o [1]
  .text              ro code  0x08000cc0    0x4  startup_stm32f767xx.o [1]
  .text              ro code  0x08000cc4    0x4  startup_stm32f767xx.o [1]
  .text              ro code  0x08000cc8    0x4  startup_stm32f767xx.o [1]
  .text              ro code  0x08000ccc    0x4  startup_stm32f767xx.o [1]
  .text              ro code  0x08000cd0    0x4  startup_stm32f767xx.o [1]
  .text              ro code  0x08000cd4    0x4  startup_stm32f767xx.o [1]
  .text              ro code  0x08000cd8    0x4  startup_stm32f767xx.o [1]
  .text              ro code  0x08000cdc    0x4  startup_stm32f767xx.o [1]
  .text              ro code  0x08000ce0    0x4  startup_stm32f767xx.o [1]
  .text              ro code  0x08000ce4    0x4  startup_stm32f767xx.o [1]
  .text              ro code  0x08000ce8    0x4  startup_stm32f767xx.o [1]
  .text              ro code  0x08000cec    0x4  startup_stm32f767xx.o [1]
  .text              ro code  0x08000cf0    0x4  startup_stm32f767xx.o [1]
  .text              ro code  0x08000cf4    0x4  startup_stm32f767xx.o [1]
  .text              ro code  0x08000cf8    0x4  startup_stm32f767xx.o [1]
  .text              ro code  0x08000cfc    0x4  startup_stm32f767xx.o [1]
  .text              ro code  0x08000d00    0x4  startup_stm32f767xx.o [1]
  .text              ro code  0x08000d04    0x4  startup_stm32f767xx.o [1]
  .text              ro code  0x08000d08    0x4  startup_stm32f767xx.o [1]
  .text              ro code  0x08000d0c    0x4  startup_stm32f767xx.o [1]
  .text              ro code  0x08000d10    0x4  startup_stm32f767xx.o [1]
  .text              ro code  0x08000d14    0x4  startup_stm32f767xx.o [1]
  .text              ro code  0x08000d18    0x4  startup_stm32f767xx.o [1]
  .text              ro code  0x08000d1c    0x4  startup_stm32f767xx.o [1]
  .text              ro code  0x08000d20    0x4  startup_stm32f767xx.o [1]
  .text              ro code  0x08000d24    0x4  startup_stm32f767xx.o [1]
  .text              ro code  0x08000d28    0x4  startup_stm32f767xx.o [1]
  .rodata            const    0x08000d2c    0x0  copy_init3.o [5]
                            - 0x08000d2c  0xb34

"P2", part 1 of 2:                         0x10
  P2-1                        0x20000000   0x10  <Init block>
    .data            inited   0x20000000    0xc  stm32f7xx_hal.o [1]
    .data            inited   0x2000000c    0x4  system_stm32f7xx.o [1]
                            - 0x20000010   0x10

"P2", part 2 of 2:                        0x400
  CSTACK                      0x20000010  0x400  <Block>
    CSTACK           uninit   0x20000010  0x400  <Block tail>
                            - 0x20000410  0x400


*******************************************************************************
*** INIT TABLE
***

          Address     Size
          -------     ----
Copy (__iar_copy_init3)
    1 source range, total size 0x10:
          0x08000b60  0x10
    1 destination range, total size 0x10:
          0x20000000  0x10



*******************************************************************************
*** MODULE SUMMARY
***

    Module                  ro code  ro data  rw data
    ------                  -------  -------  -------
F:\Embedded_ST\UART_rx_tx_without_HAL\UART_rx_tx_without_HAL\EWARM\UART_rx_tx_without_HAL\Obj: [1]
    main.o                      300
    startup_stm32f767xx.o       952
    stm32f7xx_hal.o             154       12       12
    stm32f7xx_hal_cortex.o      172
    stm32f7xx_hal_msp.o          48
    stm32f7xx_hal_rcc.o       1 088
    stm32f7xx_it.o               20
    system_stm32f7xx.o           96        4        4
    -------------------------------------------------
    Total:                    2 830       16       16

command line: [2]
    -------------------------------------------------
    Total:

dl7M_tlf.a: [3]
    exit.o                        4
    low_level_init.o              4
    -------------------------------------------------
    Total:                        8

m7M_tlv.a: [4]
    fpinit_M.o                   34
    -------------------------------------------------
    Total:                       34

rt7M_tl.a: [5]
    ABImemclr4.o                  6
    ABImemset48.o                50
    I64DivMod.o                 238
    I64DivZer.o                   2
    cexit.o                      10
    cmain.o                      26
    copy_init3.o                 44
    cstartup_M.o                 12
    data_init.o                  40
    -------------------------------------------------
    Total:                      428

shb_l.a: [6]
    exit.o                       20
    -------------------------------------------------
    Total:                       20

    Gaps                         14        2
    Linker created                        20    1 024
-----------------------------------------------------
    Grand Total:              3 334       38    1 040


*******************************************************************************
*** ENTRY LIST
***

Entry                      Address   Size  Type      Object
-----                      -------   ----  ----      ------
.iar.init_table$$Base   0x08000ad4          --   Gb  - Linker created -
.iar.init_table$$Limit  0x08000ae8          --   Gb  - Linker created -
?main                   0x08000ae9         Code  Gb  cmain.o [5]
AHBPrescTable           0x08000a4c   0x10  Data  Gb  system_stm32f7xx.o [1]
BusFault_Handler        0x08000b33    0x2  Code  Gb  stm32f7xx_it.o [1]
CSTACK$$Base            0x20000010          --   Gb  - Linker created -
CSTACK$$Limit           0x20000410          --   Gb  - Linker created -
DebugMon_Handler        0x08000b39    0x2  Code  Gb  stm32f7xx_it.o [1]
HAL_Delay               0x08000969   0x28  Code  Wk  stm32f7xx_hal.o [1]
HAL_GetTick             0x08000639    0xc  Code  Wk  stm32f7xx_hal.o [1]
HAL_IncTick             0x08000b41   0x10  Code  Wk  stm32f7xx_hal.o [1]
HAL_Init                0x08000951   0x16  Code  Gb  stm32f7xx_hal.o [1]
HAL_InitTick            0x08000645   0x40  Code  Wk  stm32f7xx_hal.o [1]
HAL_MspInit             0x08000999   0x30  Code  Gb  stm32f7xx_hal_msp.o [1]
HAL_NVIC_SetPriority    0x080007a9   0x3a  Code  Gb  stm32f7xx_hal_cortex.o [1]
HAL_NVIC_SetPriorityGrouping
                        0x0800078f   0x1a  Code  Gb  stm32f7xx_hal_cortex.o [1]
HAL_RCC_ClockConfig     0x080004c3   0xf6  Code  Gb  stm32f7xx_hal_rcc.o [1]
HAL_RCC_GetSysClockFreq
                        0x080005cd   0x4c  Code  Gb  stm32f7xx_hal_rcc.o [1]
HAL_RCC_OscConfig       0x080001f9  0x2ca  Code  Gb  stm32f7xx_hal_rcc.o [1]
HAL_SYSTICK_Config      0x080007e3   0x28  Code  Gb  stm32f7xx_hal_cortex.o [1]
HardFault_Handler       0x08000b2f    0x2  Code  Gb  stm32f7xx_it.o [1]
MemManage_Handler       0x08000b31    0x2  Code  Gb  stm32f7xx_it.o [1]
NMI_Handler             0x08000b2d    0x2  Code  Gb  stm32f7xx_it.o [1]
NVIC_SetPriority        0x08000775   0x1a  Code  Lc  stm32f7xx_hal_cortex.o [1]
PendSV_Handler          0x08000b3b    0x2  Code  Gb  stm32f7xx_it.o [1]
Region$$Table$$Base     0x08000ad4          --   Gb  - Linker created -
Region$$Table$$Limit    0x08000ae8          --   Gb  - Linker created -
SVC_Handler             0x08000b37    0x2  Code  Gb  stm32f7xx_it.o [1]
SysTick_Handler         0x08000b3d    0x4  Code  Gb  stm32f7xx_it.o [1]
SystemClock_Config      0x080008cb   0x70  Code  Gb  main.o [1]
SystemCoreClock         0x2000000c    0x4  Data  Gb  system_stm32f7xx.o [1]
SystemInit              0x080009fd   0x3a  Code  Gb  system_stm32f7xx.o [1]
UsageFault_Handler      0x08000b35    0x2  Code  Gb  stm32f7xx_it.o [1]
__aeabi_ldiv0           0x08000821         Code  Gb  I64DivZer.o [5]
__aeabi_memclr4         0x08000991         Code  Gb  ABImemclr4.o [5]
__aeabi_uldivmod        0x08000685         Code  Gb  I64DivMod.o [5]
__cmain                 0x08000ae9         Code  Gb  cmain.o [5]
__exit                  0x08000b19   0x14  Code  Gb  exit.o [6]
__iar_Memset4_word      0x080009c9         Code  Gb  ABImemset48.o [5]
__iar_Memset8_word      0x080009c9         Code  Gb  ABImemset48.o [5]
__iar_copy_init3        0x08000a5d   0x2c  Code  Gb  copy_init3.o [5]
__iar_data_init3        0x08000a89   0x28  Code  Gb  data_init.o [5]
__iar_init_vfp          0x08000ab1         Code  Gb  fpinit_M.o [4]
__iar_program_start     0x08000b71         Code  Gb  cstartup_M.o [5]
__low_level_init        0x08000b03    0x4  Code  Gb  low_level_init.o [3]
__vector_table          0x08000000         Data  Gb  startup_stm32f767xx.o [1]
_call_main              0x08000af5         Code  Gb  cmain.o [5]
_exit                   0x08000b0d         Code  Gb  cexit.o [5]
_main                   0x08000aff         Code  Gb  cmain.o [5]
exit                    0x08000b07    0x4  Code  Gb  exit.o [3]
main                    0x08000825   0xa6  Code  Gb  main.o [1]
uwTick                  0x20000004    0x4  Data  Gb  stm32f7xx_hal.o [1]
uwTickFreq              0x20000000    0x1  Data  Gb  stm32f7xx_hal.o [1]
uwTickPrio              0x20000008    0x4  Data  Gb  stm32f7xx_hal.o [1]


[1] = F:\Embedded_ST\UART_rx_tx_without_HAL\UART_rx_tx_without_HAL\EWARM\UART_rx_tx_without_HAL\Obj
[2] = command line
[3] = dl7M_tlf.a
[4] = m7M_tlv.a
[5] = rt7M_tl.a
[6] = shb_l.a

  3 334 bytes of readonly  code memory
     38 bytes of readonly  data memory
  1 040 bytes of readwrite data memory

Errors: none
Warnings: none
